// Jest Snapshot v1, https://goo.gl/fbAQLP

exports[`Project Detail renders 1`] = `
ShallowWrapper {
  "length": 1,
  Symbol(enzyme.__root__): [Circular],
  Symbol(enzyme.__unrendered__): <Unknown
    project={
        Object {
            "date": "Some date",
            "description": "<p>sup sup sup</p>",
            "images": Array [
              Object {
                "alt": "b",
                "url": "a",
              },
              Object {
                "alt": "d",
                "url": "c",
              },
            ],
            "subtitle": "Sub-eyyyyyyy",
            "title": "Eyyyyyy",
            "tools": "Sum tools",
          }
    }
/>,
  Symbol(enzyme.__renderer__): Object {
    "batchedUpdates": [Function],
    "getNode": [Function],
    "render": [Function],
    "simulateEvent": [Function],
    "unmount": [Function],
  },
  Symbol(enzyme.__node__): Object {
    "instance": null,
    "key": undefined,
    "nodeType": "host",
    "props": Object {
      "children": Array [
        <section
          className="images col-sm-8"
>
          <Connect(OpenModalButton)
                    modalProps={
                              Object {
                                        "alt": "b",
                                        "url": "a",
                                      }
                    }
                    modalType="SHOW_IMAGE"
          >
                    <img
                              alt="b"
                              className="img-fluid"
                              src="a"
                    />
          </Connect(OpenModalButton)>
          <Connect(OpenModalButton)
                    modalProps={
                              Object {
                                        "alt": "d",
                                        "url": "c",
                                      }
                    }
                    modalType="SHOW_IMAGE"
          >
                    <img
                              alt="d"
                              className="img-fluid"
                              src="c"
                    />
          </Connect(OpenModalButton)>
</section>,
        <div
          className="col-sm"
>
          <StickyBox
                    className="project-description card"
          >
                    <section
                              className="card-body"
                    >
                              <h2
                                        className="card-title"
                              >
                                        Eyyyyyy
                              </h2>
                              <h4
                                        class="card-subtitle mb-2 text-muted"
                              >
                                        Sub-eyyyyyyy
                              </h4>
                              <p
                                        className="details"
                              >
                                        <time>
                                                  Some date
                                        </time>
                                        <br />
                                        Tools: 
                                        Sum tools
                              </p>
                              <section
                                        className="description"
                                        dangerouslySetInnerHTML={
                                                  Object {
                                                            "__html": "<p>sup sup sup</p>",
                                                          }
                                        }
                              />
                    </section>
          </StickyBox>
</div>,
      ],
      "className": "projectDetail row justify-content-center",
    },
    "ref": null,
    "rendered": Array [
      Object {
        "instance": null,
        "key": undefined,
        "nodeType": "host",
        "props": Object {
          "children": Array [
            <Connect(OpenModalButton)
              modalProps={
                            Object {
                                          "alt": "b",
                                          "url": "a",
                                        }
              }
              modalType="SHOW_IMAGE"
>
              <img
                            alt="b"
                            className="img-fluid"
                            src="a"
              />
</Connect(OpenModalButton)>,
            <Connect(OpenModalButton)
              modalProps={
                            Object {
                                          "alt": "d",
                                          "url": "c",
                                        }
              }
              modalType="SHOW_IMAGE"
>
              <img
                            alt="d"
                            className="img-fluid"
                            src="c"
              />
</Connect(OpenModalButton)>,
          ],
          "className": "images col-sm-8",
        },
        "ref": null,
        "rendered": Array [
          Object {
            "instance": null,
            "key": "images-0",
            "nodeType": "class",
            "props": Object {
              "children": <img
                alt="b"
                className="img-fluid"
                src="a"
/>,
              "modalProps": Object {
                "alt": "b",
                "url": "a",
              },
              "modalType": "SHOW_IMAGE",
            },
            "ref": null,
            "rendered": Object {
              "instance": null,
              "key": undefined,
              "nodeType": "host",
              "props": Object {
                "alt": "b",
                "className": "img-fluid",
                "src": "a",
              },
              "ref": null,
              "rendered": null,
              "type": "img",
            },
            "type": [Function],
          },
          Object {
            "instance": null,
            "key": "images-1",
            "nodeType": "class",
            "props": Object {
              "children": <img
                alt="d"
                className="img-fluid"
                src="c"
/>,
              "modalProps": Object {
                "alt": "d",
                "url": "c",
              },
              "modalType": "SHOW_IMAGE",
            },
            "ref": null,
            "rendered": Object {
              "instance": null,
              "key": undefined,
              "nodeType": "host",
              "props": Object {
                "alt": "d",
                "className": "img-fluid",
                "src": "c",
              },
              "ref": null,
              "rendered": null,
              "type": "img",
            },
            "type": [Function],
          },
        ],
        "type": "section",
      },
      Object {
        "instance": null,
        "key": undefined,
        "nodeType": "host",
        "props": Object {
          "children": <StickyBox
            className="project-description card"
>
            <section
                        className="card-body"
            >
                        <h2
                                    className="card-title"
                        >
                                    Eyyyyyy
                        </h2>
                        <h4
                                    class="card-subtitle mb-2 text-muted"
                        >
                                    Sub-eyyyyyyy
                        </h4>
                        <p
                                    className="details"
                        >
                                    <time>
                                                Some date
                                    </time>
                                    <br />
                                    Tools: 
                                    Sum tools
                        </p>
                        <section
                                    className="description"
                                    dangerouslySetInnerHTML={
                                                Object {
                                                            "__html": "<p>sup sup sup</p>",
                                                          }
                                    }
                        />
            </section>
</StickyBox>,
          "className": "col-sm",
        },
        "ref": null,
        "rendered": Object {
          "instance": null,
          "key": undefined,
          "nodeType": "class",
          "props": Object {
            "children": <section
              className="card-body"
>
              <h2
                            className="card-title"
              >
                            Eyyyyyy
              </h2>
              <h4
                            class="card-subtitle mb-2 text-muted"
              >
                            Sub-eyyyyyyy
              </h4>
              <p
                            className="details"
              >
                            <time>
                                          Some date
                            </time>
                            <br />
                            Tools: 
                            Sum tools
              </p>
              <section
                            className="description"
                            dangerouslySetInnerHTML={
                                          Object {
                                                        "__html": "<p>sup sup sup</p>",
                                                      }
                            }
              />
</section>,
            "className": "project-description card",
          },
          "ref": null,
          "rendered": Object {
            "instance": null,
            "key": undefined,
            "nodeType": "host",
            "props": Object {
              "children": Array [
                <h2
                  className="card-title"
>
                  Eyyyyyy
</h2>,
                <h4
                  class="card-subtitle mb-2 text-muted"
>
                  Sub-eyyyyyyy
</h4>,
                <p
                  className="details"
>
                  <time>
                                    Some date
                  </time>
                  <br />
                  Tools: 
                  Sum tools
</p>,
                <section
                  className="description"
                  dangerouslySetInnerHTML={
                                    Object {
                                                      "__html": "<p>sup sup sup</p>",
                                                    }
                  }
/>,
              ],
              "className": "card-body",
            },
            "ref": null,
            "rendered": Array [
              Object {
                "instance": null,
                "key": undefined,
                "nodeType": "host",
                "props": Object {
                  "children": "Eyyyyyy",
                  "className": "card-title",
                },
                "ref": null,
                "rendered": "Eyyyyyy",
                "type": "h2",
              },
              Object {
                "instance": null,
                "key": undefined,
                "nodeType": "host",
                "props": Object {
                  "children": "Sub-eyyyyyyy",
                  "class": "card-subtitle mb-2 text-muted",
                },
                "ref": null,
                "rendered": "Sub-eyyyyyyy",
                "type": "h4",
              },
              Object {
                "instance": null,
                "key": undefined,
                "nodeType": "host",
                "props": Object {
                  "children": Array [
                    <time>
                      Some date
</time>,
                    <br />,
                    "Tools: ",
                    "Sum tools",
                  ],
                  "className": "details",
                },
                "ref": null,
                "rendered": Array [
                  Object {
                    "instance": null,
                    "key": undefined,
                    "nodeType": "host",
                    "props": Object {
                      "children": "Some date",
                    },
                    "ref": null,
                    "rendered": "Some date",
                    "type": "time",
                  },
                  Object {
                    "instance": null,
                    "key": undefined,
                    "nodeType": "host",
                    "props": Object {},
                    "ref": null,
                    "rendered": null,
                    "type": "br",
                  },
                  "Tools: ",
                  "Sum tools",
                ],
                "type": "p",
              },
              Object {
                "instance": null,
                "key": undefined,
                "nodeType": "host",
                "props": Object {
                  "className": "description",
                  "dangerouslySetInnerHTML": Object {
                    "__html": "<p>sup sup sup</p>",
                  },
                },
                "ref": null,
                "rendered": null,
                "type": "section",
              },
            ],
            "type": "section",
          },
          "type": [Function],
        },
        "type": "div",
      },
    ],
    "type": "article",
  },
  Symbol(enzyme.__nodes__): Array [
    Object {
      "instance": null,
      "key": undefined,
      "nodeType": "host",
      "props": Object {
        "children": Array [
          <section
            className="images col-sm-8"
>
            <Connect(OpenModalButton)
                        modalProps={
                                    Object {
                                                "alt": "b",
                                                "url": "a",
                                              }
                        }
                        modalType="SHOW_IMAGE"
            >
                        <img
                                    alt="b"
                                    className="img-fluid"
                                    src="a"
                        />
            </Connect(OpenModalButton)>
            <Connect(OpenModalButton)
                        modalProps={
                                    Object {
                                                "alt": "d",
                                                "url": "c",
                                              }
                        }
                        modalType="SHOW_IMAGE"
            >
                        <img
                                    alt="d"
                                    className="img-fluid"
                                    src="c"
                        />
            </Connect(OpenModalButton)>
</section>,
          <div
            className="col-sm"
>
            <StickyBox
                        className="project-description card"
            >
                        <section
                                    className="card-body"
                        >
                                    <h2
                                                className="card-title"
                                    >
                                                Eyyyyyy
                                    </h2>
                                    <h4
                                                class="card-subtitle mb-2 text-muted"
                                    >
                                                Sub-eyyyyyyy
                                    </h4>
                                    <p
                                                className="details"
                                    >
                                                <time>
                                                            Some date
                                                </time>
                                                <br />
                                                Tools: 
                                                Sum tools
                                    </p>
                                    <section
                                                className="description"
                                                dangerouslySetInnerHTML={
                                                            Object {
                                                                        "__html": "<p>sup sup sup</p>",
                                                                      }
                                                }
                                    />
                        </section>
            </StickyBox>
</div>,
        ],
        "className": "projectDetail row justify-content-center",
      },
      "ref": null,
      "rendered": Array [
        Object {
          "instance": null,
          "key": undefined,
          "nodeType": "host",
          "props": Object {
            "children": Array [
              <Connect(OpenModalButton)
                modalProps={
                                Object {
                                                "alt": "b",
                                                "url": "a",
                                              }
                }
                modalType="SHOW_IMAGE"
>
                <img
                                alt="b"
                                className="img-fluid"
                                src="a"
                />
</Connect(OpenModalButton)>,
              <Connect(OpenModalButton)
                modalProps={
                                Object {
                                                "alt": "d",
                                                "url": "c",
                                              }
                }
                modalType="SHOW_IMAGE"
>
                <img
                                alt="d"
                                className="img-fluid"
                                src="c"
                />
</Connect(OpenModalButton)>,
            ],
            "className": "images col-sm-8",
          },
          "ref": null,
          "rendered": Array [
            Object {
              "instance": null,
              "key": "images-0",
              "nodeType": "class",
              "props": Object {
                "children": <img
                  alt="b"
                  className="img-fluid"
                  src="a"
/>,
                "modalProps": Object {
                  "alt": "b",
                  "url": "a",
                },
                "modalType": "SHOW_IMAGE",
              },
              "ref": null,
              "rendered": Object {
                "instance": null,
                "key": undefined,
                "nodeType": "host",
                "props": Object {
                  "alt": "b",
                  "className": "img-fluid",
                  "src": "a",
                },
                "ref": null,
                "rendered": null,
                "type": "img",
              },
              "type": [Function],
            },
            Object {
              "instance": null,
              "key": "images-1",
              "nodeType": "class",
              "props": Object {
                "children": <img
                  alt="d"
                  className="img-fluid"
                  src="c"
/>,
                "modalProps": Object {
                  "alt": "d",
                  "url": "c",
                },
                "modalType": "SHOW_IMAGE",
              },
              "ref": null,
              "rendered": Object {
                "instance": null,
                "key": undefined,
                "nodeType": "host",
                "props": Object {
                  "alt": "d",
                  "className": "img-fluid",
                  "src": "c",
                },
                "ref": null,
                "rendered": null,
                "type": "img",
              },
              "type": [Function],
            },
          ],
          "type": "section",
        },
        Object {
          "instance": null,
          "key": undefined,
          "nodeType": "host",
          "props": Object {
            "children": <StickyBox
              className="project-description card"
>
              <section
                            className="card-body"
              >
                            <h2
                                          className="card-title"
                            >
                                          Eyyyyyy
                            </h2>
                            <h4
                                          class="card-subtitle mb-2 text-muted"
                            >
                                          Sub-eyyyyyyy
                            </h4>
                            <p
                                          className="details"
                            >
                                          <time>
                                                        Some date
                                          </time>
                                          <br />
                                          Tools: 
                                          Sum tools
                            </p>
                            <section
                                          className="description"
                                          dangerouslySetInnerHTML={
                                                        Object {
                                                                      "__html": "<p>sup sup sup</p>",
                                                                    }
                                          }
                            />
              </section>
</StickyBox>,
            "className": "col-sm",
          },
          "ref": null,
          "rendered": Object {
            "instance": null,
            "key": undefined,
            "nodeType": "class",
            "props": Object {
              "children": <section
                className="card-body"
>
                <h2
                                className="card-title"
                >
                                Eyyyyyy
                </h2>
                <h4
                                class="card-subtitle mb-2 text-muted"
                >
                                Sub-eyyyyyyy
                </h4>
                <p
                                className="details"
                >
                                <time>
                                                Some date
                                </time>
                                <br />
                                Tools: 
                                Sum tools
                </p>
                <section
                                className="description"
                                dangerouslySetInnerHTML={
                                                Object {
                                                                "__html": "<p>sup sup sup</p>",
                                                              }
                                }
                />
</section>,
              "className": "project-description card",
            },
            "ref": null,
            "rendered": Object {
              "instance": null,
              "key": undefined,
              "nodeType": "host",
              "props": Object {
                "children": Array [
                  <h2
                    className="card-title"
>
                    Eyyyyyy
</h2>,
                  <h4
                    class="card-subtitle mb-2 text-muted"
>
                    Sub-eyyyyyyy
</h4>,
                  <p
                    className="details"
>
                    <time>
                                        Some date
                    </time>
                    <br />
                    Tools: 
                    Sum tools
</p>,
                  <section
                    className="description"
                    dangerouslySetInnerHTML={
                                        Object {
                                                            "__html": "<p>sup sup sup</p>",
                                                          }
                    }
/>,
                ],
                "className": "card-body",
              },
              "ref": null,
              "rendered": Array [
                Object {
                  "instance": null,
                  "key": undefined,
                  "nodeType": "host",
                  "props": Object {
                    "children": "Eyyyyyy",
                    "className": "card-title",
                  },
                  "ref": null,
                  "rendered": "Eyyyyyy",
                  "type": "h2",
                },
                Object {
                  "instance": null,
                  "key": undefined,
                  "nodeType": "host",
                  "props": Object {
                    "children": "Sub-eyyyyyyy",
                    "class": "card-subtitle mb-2 text-muted",
                  },
                  "ref": null,
                  "rendered": "Sub-eyyyyyyy",
                  "type": "h4",
                },
                Object {
                  "instance": null,
                  "key": undefined,
                  "nodeType": "host",
                  "props": Object {
                    "children": Array [
                      <time>
                        Some date
</time>,
                      <br />,
                      "Tools: ",
                      "Sum tools",
                    ],
                    "className": "details",
                  },
                  "ref": null,
                  "rendered": Array [
                    Object {
                      "instance": null,
                      "key": undefined,
                      "nodeType": "host",
                      "props": Object {
                        "children": "Some date",
                      },
                      "ref": null,
                      "rendered": "Some date",
                      "type": "time",
                    },
                    Object {
                      "instance": null,
                      "key": undefined,
                      "nodeType": "host",
                      "props": Object {},
                      "ref": null,
                      "rendered": null,
                      "type": "br",
                    },
                    "Tools: ",
                    "Sum tools",
                  ],
                  "type": "p",
                },
                Object {
                  "instance": null,
                  "key": undefined,
                  "nodeType": "host",
                  "props": Object {
                    "className": "description",
                    "dangerouslySetInnerHTML": Object {
                      "__html": "<p>sup sup sup</p>",
                    },
                  },
                  "ref": null,
                  "rendered": null,
                  "type": "section",
                },
              ],
              "type": "section",
            },
            "type": [Function],
          },
          "type": "div",
        },
      ],
      "type": "article",
    },
  ],
  Symbol(enzyme.__options__): Object {
    "adapter": ReactSixteenAdapter {
      "options": Object {
        "enableComponentDidUpdateOnSetState": true,
      },
    },
  },
}
`;
